| SignAnalysis.cs:13:21:13:21 | 1 | positive strictlyPositive |
| SignAnalysis.cs:13:21:13:25 | ... + ... | positive strictlyPositive |
| SignAnalysis.cs:13:25:13:25 | 1 | positive strictlyPositive |
| SignAnalysis.cs:14:38:14:38 | access to local variable i | positive strictlyPositive |
| SignAnalysis.cs:17:21:17:22 | -... | negative strictlyNegative |
| SignAnalysis.cs:17:22:17:22 | 1 | positive strictlyPositive |
| SignAnalysis.cs:18:38:18:38 | access to local variable i | negative strictlyNegative |
| SignAnalysis.cs:23:38:23:38 | access to local variable i | positive strictlyPositive |
| SignAnalysis.cs:28:38:28:38 | access to local variable i | negative strictlyNegative |
| SignAnalysis.cs:32:13:32:15 | ++... | positive strictlyPositive |
| SignAnalysis.cs:33:38:33:38 | access to local variable i | positive strictlyPositive |
| SignAnalysis.cs:37:13:37:15 | --... | negative strictlyNegative |
| SignAnalysis.cs:38:38:38:38 | access to local variable i | negative strictlyNegative |
| SignAnalysis.cs:42:13:42:15 | --... | negative strictlyNegative |
| SignAnalysis.cs:43:21:43:21 | access to local variable i | negative strictlyNegative |
| SignAnalysis.cs:44:38:44:38 | access to local variable j | negative strictlyNegative |
| SignAnalysis.cs:47:21:47:21 | 1 | positive strictlyPositive |
| SignAnalysis.cs:50:17:50:17 | access to local variable i | positive strictlyPositive |
| SignAnalysis.cs:50:17:50:19 | ...++ | positive strictlyPositive |
| SignAnalysis.cs:52:38:52:38 | access to local variable i | positive strictlyPositive |
| SignAnalysis.cs:55:21:55:21 | 1 | positive strictlyPositive |
| SignAnalysis.cs:58:17:58:17 | access to local variable i | positive strictlyPositive |
| SignAnalysis.cs:58:17:58:19 | ...++ | positive strictlyPositive |
| SignAnalysis.cs:62:17:62:17 | access to local variable i | positive strictlyPositive |
| SignAnalysis.cs:62:17:62:19 | ...-- | positive strictlyPositive |
| SignAnalysis.cs:64:38:64:38 | access to local variable i | positive |
| SignAnalysis.cs:70:17:70:17 | 1 | positive strictlyPositive |
| SignAnalysis.cs:71:9:71:17 | ... = ... | positive strictlyPositive |
| SignAnalysis.cs:71:13:71:13 | access to local variable i | positive strictlyPositive |
| SignAnalysis.cs:71:13:71:17 | ... * ... | positive strictlyPositive |
| SignAnalysis.cs:71:17:71:17 | access to local variable i | positive strictlyPositive |
| SignAnalysis.cs:72:34:72:34 | access to local variable i | positive strictlyPositive |
| SignAnalysis.cs:73:9:73:18 | ... = ... | negative strictlyNegative |
| SignAnalysis.cs:73:13:73:13 | access to local variable i | positive strictlyPositive |
| SignAnalysis.cs:73:13:73:18 | ... * ... | negative strictlyNegative |
| SignAnalysis.cs:73:17:73:18 | -... | negative strictlyNegative |
| SignAnalysis.cs:73:18:73:18 | access to local variable i | positive strictlyPositive |
| SignAnalysis.cs:74:34:74:34 | access to local variable i | negative strictlyNegative |
| SignAnalysis.cs:75:9:75:19 | ... = ... | positive strictlyPositive |
| SignAnalysis.cs:75:13:75:14 | -... | positive strictlyPositive |
| SignAnalysis.cs:75:13:75:19 | ... * ... | positive strictlyPositive |
| SignAnalysis.cs:75:14:75:14 | access to local variable i | negative strictlyNegative |
| SignAnalysis.cs:75:18:75:19 | -... | positive strictlyPositive |
| SignAnalysis.cs:75:19:75:19 | access to local variable i | negative strictlyNegative |
| SignAnalysis.cs:76:34:76:34 | access to local variable i | positive strictlyPositive |
| SignAnalysis.cs:77:9:77:19 | ... = ... | positive strictlyPositive |
| SignAnalysis.cs:77:13:77:14 | -... | negative strictlyNegative |
| SignAnalysis.cs:77:13:77:19 | ... / ... | positive strictlyPositive |
| SignAnalysis.cs:77:14:77:14 | access to local variable i | positive strictlyPositive |
| SignAnalysis.cs:77:18:77:19 | -... | negative strictlyNegative |
| SignAnalysis.cs:77:19:77:19 | access to local variable i | positive strictlyPositive |
| SignAnalysis.cs:78:34:78:34 | access to local variable i | positive strictlyPositive |
| SignAnalysis.cs:79:9:79:18 | ... = ... | negative |
| SignAnalysis.cs:79:13:79:14 | -... | negative strictlyNegative |
| SignAnalysis.cs:79:13:79:18 | ... % ... | negative |
| SignAnalysis.cs:79:14:79:14 | access to local variable i | positive strictlyPositive |
| SignAnalysis.cs:79:18:79:18 | access to local variable i | positive strictlyPositive |
| SignAnalysis.cs:80:34:80:34 | access to local variable i | negative |
| SignAnalysis.cs:81:9:81:14 | ... = ... | positive |
| SignAnalysis.cs:81:13:81:14 | -... | positive |
| SignAnalysis.cs:81:14:81:14 | access to local variable i | negative |
| SignAnalysis.cs:82:34:82:34 | access to local variable i | positive |
| SignAnalysis.cs:83:9:83:14 | ... = ... | positive |
| SignAnalysis.cs:83:13:83:14 | +... | positive |
| SignAnalysis.cs:83:14:83:14 | access to local variable i | positive |
| SignAnalysis.cs:84:34:84:34 | access to local variable i | positive |
| SignAnalysis.cs:88:17:88:20 | 4.2 | positive strictlyPositive |
| SignAnalysis.cs:89:34:89:34 | access to local variable f | positive strictlyPositive |
| SignAnalysis.cs:90:17:90:19 | 4.2 | positive strictlyPositive |
| SignAnalysis.cs:91:34:91:34 | access to local variable d | positive strictlyPositive |
| SignAnalysis.cs:92:18:92:21 | 4.2 | positive strictlyPositive |
| SignAnalysis.cs:93:34:93:35 | access to local variable de | positive strictlyPositive |
| SignAnalysis.cs:94:17:94:19 | a | positive strictlyPositive |
| SignAnalysis.cs:95:34:95:34 | access to local variable c | positive strictlyPositive |
| SignAnalysis.cs:99:9:99:10 | access to field f2 | positive strictlyPositive |
| SignAnalysis.cs:99:9:99:14 | ... = ... | positive strictlyPositive |
| SignAnalysis.cs:99:14:99:14 | 1 | positive strictlyPositive |
| SignAnalysis.cs:103:9:103:10 | access to field f1 | positive |
| SignAnalysis.cs:103:9:103:12 | ...++ | positive |
| SignAnalysis.cs:104:34:104:35 | access to field f1 | positive strictlyPositive |
| SignAnalysis.cs:105:34:105:35 | access to field f2 | positive strictlyPositive |
| SignAnalysis.cs:106:17:106:18 | access to field f1 | positive strictlyPositive |
| SignAnalysis.cs:107:34:107:34 | access to local variable j | positive strictlyPositive |
| SignAnalysis.cs:114:34:114:34 | access to local variable i | positive strictlyPositive |
| SignAnalysis.cs:116:20:116:40 | 3 | positive strictlyPositive |
| SignAnalysis.cs:116:32:116:32 | 1 | positive strictlyPositive |
| SignAnalysis.cs:116:35:116:35 | 2 | positive strictlyPositive |
| SignAnalysis.cs:116:38:116:38 | 3 | positive strictlyPositive |
| SignAnalysis.cs:120:60:120:63 | 1000 | positive strictlyPositive |
| SignAnalysis.cs:141:18:141:18 | 1 | positive strictlyPositive |
| SignAnalysis.cs:169:34:169:44 | access to property Length | positive |
| SignAnalysis.cs:170:16:170:36 | 3 | positive strictlyPositive |
| SignAnalysis.cs:170:28:170:28 | 1 | positive strictlyPositive |
| SignAnalysis.cs:170:31:170:31 | 2 | positive strictlyPositive |
| SignAnalysis.cs:170:34:170:34 | 3 | positive strictlyPositive |
| SignAnalysis.cs:171:34:171:44 | access to property Length | positive strictlyPositive |
| SignAnalysis.cs:172:34:172:45 | call to method Count | positive |
| SignAnalysis.cs:173:34:173:55 | call to method Count | positive |
| SignAnalysis.cs:173:54:173:54 | 1 | positive strictlyPositive |
| SignAnalysis.cs:176:34:176:41 | access to property Length | positive |
| SignAnalysis.cs:178:34:178:45 | access to constant MaxValue | positive strictlyPositive |
| SignAnalysis.cs:179:34:179:45 | access to constant MinValue | negative strictlyNegative |
| SignAnalysis.cs:185:18:185:19 | -... | negative strictlyNegative |
| SignAnalysis.cs:185:19:185:19 | 1 | positive strictlyPositive |
| SignAnalysis.cs:202:18:202:18 | 1 | positive strictlyPositive |
| SignAnalysis.cs:211:18:211:19 | -... | negative strictlyNegative |
| SignAnalysis.cs:211:19:211:19 | 1 | positive strictlyPositive |
