edges
| Tuples.cs:7:17:7:56 | (..., ...) [Item1] : String | Tuples.cs:8:9:8:23 | (..., ...) [Item1] : String |
| Tuples.cs:7:17:7:56 | (..., ...) [Item1] : String | Tuples.cs:13:9:13:19 | (..., ...) [Item1] : String |
| Tuples.cs:7:17:7:56 | (..., ...) [Item1] : String | Tuples.cs:18:9:18:22 | (..., ...) [Item1] : String |
| Tuples.cs:7:17:7:56 | (..., ...) [Item1] : String | Tuples.cs:23:14:23:14 | access to local variable x [Item1] : String |
| Tuples.cs:7:17:7:56 | (..., ...) [Item1] : String | Tuples.cs:24:14:24:14 | access to local variable x [Item1] : String |
| Tuples.cs:7:17:7:56 | (..., ...) [Item2, Item2] : String | Tuples.cs:7:37:7:55 | (..., ...) [Item2] : String |
| Tuples.cs:7:17:7:56 | (..., ...) [Item2, Item2] : String | Tuples.cs:8:9:8:23 | (..., ...) [Item2, Item2] : String |
| Tuples.cs:7:17:7:56 | (..., ...) [Item2, Item2] : String | Tuples.cs:13:9:13:19 | (..., ...) [Item2, Item2] : String |
| Tuples.cs:7:17:7:56 | (..., ...) [Item2, Item2] : String | Tuples.cs:18:9:18:22 | (..., ...) [Item2, Item2] : String |
| Tuples.cs:7:17:7:56 | (..., ...) [Item2, Item2] : String | Tuples.cs:26:14:26:14 | access to local variable x [Item2, Item2] : String |
| Tuples.cs:7:21:7:34 | "taint source" : String | Tuples.cs:7:17:7:56 | (..., ...) [Item1] : String |
| Tuples.cs:7:37:7:55 | (..., ...) [Item2] : String | Tuples.cs:7:17:7:56 | (..., ...) [Item2, Item2] : String |
| Tuples.cs:7:41:7:54 | "taint source" : String | Tuples.cs:7:37:7:55 | (..., ...) [Item2] : String |
| Tuples.cs:8:9:8:23 | (..., ...) [Item1] : String | Tuples.cs:8:9:8:27 | SSA def(a) : String |
| Tuples.cs:8:9:8:23 | (..., ...) [Item2, Item2] : String | Tuples.cs:8:9:8:23 | (..., ...) [Item2] : String |
| Tuples.cs:8:9:8:23 | (..., ...) [Item2] : String | Tuples.cs:8:9:8:23 | (..., ...) [Item2, Item2] : String |
| Tuples.cs:8:9:8:23 | (..., ...) [Item2] : String | Tuples.cs:8:9:8:27 | SSA def(c) : String |
| Tuples.cs:8:9:8:27 | SSA def(a) : String | Tuples.cs:9:14:9:14 | access to local variable a |
| Tuples.cs:8:9:8:27 | SSA def(c) : String | Tuples.cs:11:14:11:14 | access to local variable c |
| Tuples.cs:13:9:13:19 | (..., ...) [Item1] : String | Tuples.cs:13:9:13:23 | SSA def(a) : String |
| Tuples.cs:13:9:13:19 | (..., ...) [Item2, Item2] : String | Tuples.cs:13:13:13:18 | (..., ...) [Item2] : String |
| Tuples.cs:13:9:13:23 | SSA def(a) : String | Tuples.cs:14:14:14:14 | access to local variable a |
| Tuples.cs:13:9:13:23 | SSA def(c) : String | Tuples.cs:16:14:16:14 | access to local variable c |
| Tuples.cs:13:13:13:18 | (..., ...) [Item2] : String | Tuples.cs:13:9:13:19 | (..., ...) [Item2, Item2] : String |
| Tuples.cs:13:13:13:18 | (..., ...) [Item2] : String | Tuples.cs:13:9:13:23 | SSA def(c) : String |
| Tuples.cs:18:9:18:22 | (..., ...) [Item1] : String | Tuples.cs:18:9:18:26 | SSA def(p) : String |
| Tuples.cs:18:9:18:22 | (..., ...) [Item2, Item2] : String | Tuples.cs:18:9:18:26 | SSA def(q) [Item2] : String |
| Tuples.cs:18:9:18:26 | SSA def(p) : String | Tuples.cs:19:14:19:14 | access to local variable p |
| Tuples.cs:18:9:18:26 | SSA def(q) [Item2] : String | Tuples.cs:21:14:21:14 | access to local variable q [Item2] : String |
| Tuples.cs:21:14:21:14 | access to local variable q [Item2] : String | Tuples.cs:21:14:21:20 | access to field Item2 |
| Tuples.cs:23:14:23:14 | access to local variable x [Item1] : String | Tuples.cs:23:14:23:20 | access to field Item1 |
| Tuples.cs:24:14:24:14 | access to local variable x [Item1] : String | Tuples.cs:24:14:24:16 | access to field Item1 |
| Tuples.cs:26:14:26:14 | access to local variable x [Item2, Item2] : String | Tuples.cs:26:14:26:20 | access to field Item2 [Item2] : String |
| Tuples.cs:26:14:26:20 | access to field Item2 [Item2] : String | Tuples.cs:26:14:26:26 | access to field Item2 |
| Tuples.cs:31:17:31:72 | (..., ...) [Item1] : String | Tuples.cs:32:14:32:14 | access to local variable x [Item1] : String |
| Tuples.cs:31:17:31:72 | (..., ...) [Item10] : String | Tuples.cs:34:14:34:14 | access to local variable x [Item10] : String |
| Tuples.cs:31:18:31:31 | "taint source" : String | Tuples.cs:31:17:31:72 | (..., ...) [Item1] : String |
| Tuples.cs:31:58:31:71 | "taint source" : String | Tuples.cs:31:17:31:72 | (..., ...) [Item10] : String |
| Tuples.cs:32:14:32:14 | access to local variable x [Item1] : String | Tuples.cs:32:14:32:20 | access to field Item1 |
| Tuples.cs:34:14:34:14 | access to local variable x [Item10] : String | Tuples.cs:34:14:34:21 | access to field Item10 |
| Tuples.cs:39:17:39:68 | (...) ... [Item1] : String | Tuples.cs:40:14:40:14 | access to local variable x [Item1] : String |
| Tuples.cs:39:47:39:68 | (..., ...) [Item1] : String | Tuples.cs:39:17:39:68 | (...) ... [Item1] : String |
| Tuples.cs:39:48:39:61 | "taint source" : String | Tuples.cs:39:47:39:68 | (..., ...) [Item1] : String |
| Tuples.cs:40:14:40:14 | access to local variable x [Item1] : String | Tuples.cs:40:14:40:20 | access to field Item1 |
| Tuples.cs:66:17:66:41 | object creation of type R1 [i] : String | Tuples.cs:67:14:67:14 | access to local variable r [i] : String |
| Tuples.cs:66:24:66:37 | "taint source" : String | Tuples.cs:66:17:66:41 | object creation of type R1 [i] : String |
| Tuples.cs:67:14:67:14 | access to local variable r [i] : String | Tuples.cs:67:14:67:16 | access to property i |
nodes
| Tuples.cs:7:17:7:56 | (..., ...) [Item1] : String | semmle.label | (..., ...) [Item1] : String |
| Tuples.cs:7:17:7:56 | (..., ...) [Item2, Item2] : String | semmle.label | (..., ...) [Item2, Item2] : String |
| Tuples.cs:7:21:7:34 | "taint source" : String | semmle.label | "taint source" : String |
| Tuples.cs:7:37:7:55 | (..., ...) [Item2] : String | semmle.label | (..., ...) [Item2] : String |
| Tuples.cs:7:41:7:54 | "taint source" : String | semmle.label | "taint source" : String |
| Tuples.cs:8:9:8:23 | (..., ...) [Item1] : String | semmle.label | (..., ...) [Item1] : String |
| Tuples.cs:8:9:8:23 | (..., ...) [Item2, Item2] : String | semmle.label | (..., ...) [Item2, Item2] : String |
| Tuples.cs:8:9:8:23 | (..., ...) [Item2] : String | semmle.label | (..., ...) [Item2] : String |
| Tuples.cs:8:9:8:27 | SSA def(a) : String | semmle.label | SSA def(a) : String |
| Tuples.cs:8:9:8:27 | SSA def(c) : String | semmle.label | SSA def(c) : String |
| Tuples.cs:9:14:9:14 | access to local variable a | semmle.label | access to local variable a |
| Tuples.cs:11:14:11:14 | access to local variable c | semmle.label | access to local variable c |
| Tuples.cs:13:9:13:19 | (..., ...) [Item1] : String | semmle.label | (..., ...) [Item1] : String |
| Tuples.cs:13:9:13:19 | (..., ...) [Item2, Item2] : String | semmle.label | (..., ...) [Item2, Item2] : String |
| Tuples.cs:13:9:13:23 | SSA def(a) : String | semmle.label | SSA def(a) : String |
| Tuples.cs:13:9:13:23 | SSA def(c) : String | semmle.label | SSA def(c) : String |
| Tuples.cs:13:13:13:18 | (..., ...) [Item2] : String | semmle.label | (..., ...) [Item2] : String |
| Tuples.cs:14:14:14:14 | access to local variable a | semmle.label | access to local variable a |
| Tuples.cs:16:14:16:14 | access to local variable c | semmle.label | access to local variable c |
| Tuples.cs:18:9:18:22 | (..., ...) [Item1] : String | semmle.label | (..., ...) [Item1] : String |
| Tuples.cs:18:9:18:22 | (..., ...) [Item2, Item2] : String | semmle.label | (..., ...) [Item2, Item2] : String |
| Tuples.cs:18:9:18:26 | SSA def(p) : String | semmle.label | SSA def(p) : String |
| Tuples.cs:18:9:18:26 | SSA def(q) [Item2] : String | semmle.label | SSA def(q) [Item2] : String |
| Tuples.cs:19:14:19:14 | access to local variable p | semmle.label | access to local variable p |
| Tuples.cs:21:14:21:14 | access to local variable q [Item2] : String | semmle.label | access to local variable q [Item2] : String |
| Tuples.cs:21:14:21:20 | access to field Item2 | semmle.label | access to field Item2 |
| Tuples.cs:23:14:23:14 | access to local variable x [Item1] : String | semmle.label | access to local variable x [Item1] : String |
| Tuples.cs:23:14:23:20 | access to field Item1 | semmle.label | access to field Item1 |
| Tuples.cs:24:14:24:14 | access to local variable x [Item1] : String | semmle.label | access to local variable x [Item1] : String |
| Tuples.cs:24:14:24:16 | access to field Item1 | semmle.label | access to field Item1 |
| Tuples.cs:26:14:26:14 | access to local variable x [Item2, Item2] : String | semmle.label | access to local variable x [Item2, Item2] : String |
| Tuples.cs:26:14:26:20 | access to field Item2 [Item2] : String | semmle.label | access to field Item2 [Item2] : String |
| Tuples.cs:26:14:26:26 | access to field Item2 | semmle.label | access to field Item2 |
| Tuples.cs:31:17:31:72 | (..., ...) [Item1] : String | semmle.label | (..., ...) [Item1] : String |
| Tuples.cs:31:17:31:72 | (..., ...) [Item10] : String | semmle.label | (..., ...) [Item10] : String |
| Tuples.cs:31:18:31:31 | "taint source" : String | semmle.label | "taint source" : String |
| Tuples.cs:31:58:31:71 | "taint source" : String | semmle.label | "taint source" : String |
| Tuples.cs:32:14:32:14 | access to local variable x [Item1] : String | semmle.label | access to local variable x [Item1] : String |
| Tuples.cs:32:14:32:20 | access to field Item1 | semmle.label | access to field Item1 |
| Tuples.cs:34:14:34:14 | access to local variable x [Item10] : String | semmle.label | access to local variable x [Item10] : String |
| Tuples.cs:34:14:34:21 | access to field Item10 | semmle.label | access to field Item10 |
| Tuples.cs:39:17:39:68 | (...) ... [Item1] : String | semmle.label | (...) ... [Item1] : String |
| Tuples.cs:39:47:39:68 | (..., ...) [Item1] : String | semmle.label | (..., ...) [Item1] : String |
| Tuples.cs:39:48:39:61 | "taint source" : String | semmle.label | "taint source" : String |
| Tuples.cs:40:14:40:14 | access to local variable x [Item1] : String | semmle.label | access to local variable x [Item1] : String |
| Tuples.cs:40:14:40:20 | access to field Item1 | semmle.label | access to field Item1 |
| Tuples.cs:66:17:66:41 | object creation of type R1 [i] : String | semmle.label | object creation of type R1 [i] : String |
| Tuples.cs:66:24:66:37 | "taint source" : String | semmle.label | "taint source" : String |
| Tuples.cs:67:14:67:14 | access to local variable r [i] : String | semmle.label | access to local variable r [i] : String |
| Tuples.cs:67:14:67:16 | access to property i | semmle.label | access to property i |
#select
| Tuples.cs:7:21:7:34 | "taint source" : String | Tuples.cs:7:21:7:34 | "taint source" : String | Tuples.cs:9:14:9:14 | access to local variable a | $@ | Tuples.cs:9:14:9:14 | access to local variable a | access to local variable a |
| Tuples.cs:7:21:7:34 | "taint source" : String | Tuples.cs:7:21:7:34 | "taint source" : String | Tuples.cs:14:14:14:14 | access to local variable a | $@ | Tuples.cs:14:14:14:14 | access to local variable a | access to local variable a |
| Tuples.cs:7:21:7:34 | "taint source" : String | Tuples.cs:7:21:7:34 | "taint source" : String | Tuples.cs:19:14:19:14 | access to local variable p | $@ | Tuples.cs:19:14:19:14 | access to local variable p | access to local variable p |
| Tuples.cs:7:21:7:34 | "taint source" : String | Tuples.cs:7:21:7:34 | "taint source" : String | Tuples.cs:23:14:23:20 | access to field Item1 | $@ | Tuples.cs:23:14:23:20 | access to field Item1 | access to field Item1 |
| Tuples.cs:7:21:7:34 | "taint source" : String | Tuples.cs:7:21:7:34 | "taint source" : String | Tuples.cs:24:14:24:16 | access to field Item1 | $@ | Tuples.cs:24:14:24:16 | access to field Item1 | access to field Item1 |
| Tuples.cs:7:41:7:54 | "taint source" : String | Tuples.cs:7:41:7:54 | "taint source" : String | Tuples.cs:11:14:11:14 | access to local variable c | $@ | Tuples.cs:11:14:11:14 | access to local variable c | access to local variable c |
| Tuples.cs:7:41:7:54 | "taint source" : String | Tuples.cs:7:41:7:54 | "taint source" : String | Tuples.cs:16:14:16:14 | access to local variable c | $@ | Tuples.cs:16:14:16:14 | access to local variable c | access to local variable c |
| Tuples.cs:7:41:7:54 | "taint source" : String | Tuples.cs:7:41:7:54 | "taint source" : String | Tuples.cs:21:14:21:20 | access to field Item2 | $@ | Tuples.cs:21:14:21:20 | access to field Item2 | access to field Item2 |
| Tuples.cs:7:41:7:54 | "taint source" : String | Tuples.cs:7:41:7:54 | "taint source" : String | Tuples.cs:26:14:26:26 | access to field Item2 | $@ | Tuples.cs:26:14:26:26 | access to field Item2 | access to field Item2 |
| Tuples.cs:31:18:31:31 | "taint source" : String | Tuples.cs:31:18:31:31 | "taint source" : String | Tuples.cs:32:14:32:20 | access to field Item1 | $@ | Tuples.cs:32:14:32:20 | access to field Item1 | access to field Item1 |
| Tuples.cs:31:58:31:71 | "taint source" : String | Tuples.cs:31:58:31:71 | "taint source" : String | Tuples.cs:34:14:34:21 | access to field Item10 | $@ | Tuples.cs:34:14:34:21 | access to field Item10 | access to field Item10 |
| Tuples.cs:39:48:39:61 | "taint source" : String | Tuples.cs:39:48:39:61 | "taint source" : String | Tuples.cs:40:14:40:20 | access to field Item1 | $@ | Tuples.cs:40:14:40:20 | access to field Item1 | access to field Item1 |
| Tuples.cs:66:24:66:37 | "taint source" : String | Tuples.cs:66:24:66:37 | "taint source" : String | Tuples.cs:67:14:67:16 | access to property i | $@ | Tuples.cs:67:14:67:16 | access to property i | access to property i |
