| // This file contains auto-generated code.\n\nnamespace A1\n{\n// Generated from `A1.C1` in `Test.cs:141:18:141:19`\npublic class C1\n{\n    public C1() => throw null;\n}\n\n}\nnamespace A2\n{\nnamespace B2\n{\n// Generated from `A2.B2.C2` in `Test.cs:148:22:148:23`\npublic class C2\n{\n    public C2() => throw null;\n}\n\n}\n}\nnamespace A3\n{\n// Generated from `A3.C3` in `Test.cs:154:18:154:19`\npublic class C3\n{\n    public C3() => throw null;\n}\n\n}\nnamespace A4\n{\n// Generated from `A4.C4` in `Test.cs:164:18:164:19`\npublic class C4\n{\n    public C4() => throw null;\n}\n\nnamespace B4\n{\n// Generated from `A4.B4.D4` in `Test.cs:161:22:161:23`\npublic class D4\n{\n    public D4() => throw null;\n}\n\n}\n}\nnamespace Test\n{\n// Generated from `Test.Class1` in `Test.cs:3:18:3:23`\npublic class Class1\n{\n    public Class1() => throw null;\n// Generated from `Test.Class1.Class11` in `Test.cs:29:22:29:28`\npublic class Class11 : Test.Class1.Interface2, Test.Class1.Interface1\n{\n    public Class11(int i) => throw null;\n    int Test.Class1.Interface2.this[int i] { get => throw null; }\n    public void Method1() => throw null;\n    void Test.Class1.Interface2.Method2() => throw null;\n}\n\n\n// Generated from `Test.Class1.Class12` in `Test.cs:46:22:46:28`\npublic class Class12 : Test.Class1.Class11\n{\n    public Class12(int i, float j) : base(default(int)) => throw null;\n}\n\n\n// Generated from `Test.Class1.Class13` in `Test.cs:58:31:58:37`\npublic abstract class Class13\n{\n    protected Class13() => throw null;\n    protected internal virtual void M() => throw null;\n    public virtual void M1<T>() where T: Test.Class1.Class13 => throw null;\n    public abstract void M2();\n}\n\n\n// Generated from `Test.Class1.Class14` in `Test.cs:65:31:65:37`\npublic abstract class Class14 : Test.Class1.Class13\n{\n    protected Class14() => throw null;\n    protected internal override void M() => throw null;\n    public override void M1<T>() => throw null;\n    public abstract override void M2();\n}\n\n\n// Generated from `Test.Class1.Delegate1<>` in `Test.cs:42:30:42:41`\npublic delegate void Delegate1<T>(T i, int j);\n\n\n    public event Test.Class1.Delegate1<int> Event1;\n// Generated from `Test.Class1.GenericType<>` in `Test.cs:51:22:51:35`\npublic class GenericType<T>\n{\n    public GenericType() => throw null;\n// Generated from `Test.Class1.GenericType<>.X` in `Test.cs:53:26:53:26`\npublic class X\n{\n    public X() => throw null;\n}\n\n\n}\n\n\n// Generated from `Test.Class1.Interface1` in `Test.cs:13:26:13:35`\npublic interface Interface1\n{\n    void Method1();\n}\n\n\n// Generated from `Test.Class1.Interface2` in `Test.cs:18:38:18:47`\nprotected internal interface Interface2\n{\n    int this[int i] { get; }\n    void Method2();\n}\n\n\n    public Test.Class1.GenericType<int>.X Prop { get => throw null; }\n// Generated from `Test.Class1.Struct1` in `Test.cs:5:23:5:29`\npublic struct Struct1\n{\n    public void Method(Test.Class1.Struct1 s = default(Test.Class1.Struct1)) => throw null;\n    // Stub generator skipped constructor \n    public int i;\n    public static int j = default;\n}\n\n\n}\n\n// Generated from `Test.Class3` in `Test.cs:79:18:79:23`\npublic class Class3\n{\n    public Class3() => throw null;\n    public object Item { get => throw null; set => throw null; }\n    [System.Runtime.CompilerServices.IndexerName("MyItem")]\n    public object this[string index] { get => throw null; set => throw null; }\n}\n\n// Generated from `Test.Class4` in `Test.cs:86:18:86:23`\npublic class Class4\n{\n    public Class4() => throw null;\n    unsafe public void M(int* p) => throw null;\n}\n\n// Generated from `Test.Class5` in `Test.cs:97:18:97:23`\npublic class Class5 : Test.IInterface1\n{\n    public Class5() => throw null;\n    public void M2() => throw null;\n}\n\n// Generated from `Test.Class6<>` in `Test.cs:102:18:102:26`\npublic class Class6<T> where T: class, Test.IInterface1\n{\n    public Class6(int i) => throw null;\n    public virtual void M1<T>() where T: class, Test.IInterface1, new() => throw null;\n}\n\n// Generated from `Test.Class7` in `Test.cs:109:18:109:23`\npublic class Class7 : Test.Class6<Test.Class5>\n{\n    public Class7(int i) : base(default(int)) => throw null;\n    public override void M1<T>() where T: class => throw null;\n}\n\n// Generated from `Test.Class8` in `Test.cs:116:18:116:23`\npublic class Class8\n{\n    public Class8() => throw null;\n    public static int @this = default;\n}\n\n// Generated from `Test.Class9` in `Test.cs:121:18:121:23`\npublic class Class9\n{\n    private Class9(int i) => throw null;\n// Generated from `Test.Class9.Nested` in `Test.cs:125:22:125:27`\npublic class Nested : Test.Class9\n{\n    internal Nested(int i) : base(default(int)) => throw null;\n}\n\n\n    public Test.Class9.Nested NestedInstance { get => throw null; }\n}\n\n// Generated from `Test.IInterface1` in `Test.cs:91:22:91:32`\npublic interface IInterface1\n{\n    void M1() => throw null;\n    void M2();\n}\n\n}\n\n\n |
